../platform/osSupport/src/cmsis_os.c:91:17:enterCritical	16	static
../platform/osSupport/src/cmsis_os.c:99:13:exitCritical	24	static
../platform/osSupport/src/cmsis_os.c:107:13:initTaskList	24	static
../platform/osSupport/src/cmsis_os.c:132:17:addToTaskList	40	static
../platform/osSupport/src/cmsis_os.c:177:17:removeFromTaskList	48	static
../platform/osSupport/src/cmsis_os.c:233:6:vAssertCalled	24	static
../platform/osSupport/src/cmsis_os.c:254:19:milliSecToTicks	24	static
../platform/osSupport/src/cmsis_os.c:274:13:taskFunc	32	static
../platform/osSupport/src/cmsis_os.c:300:10:osKernelInitialize	4	static
../platform/osSupport/src/cmsis_os.c:309:10:osKernelStart	8	static
../platform/osSupport/src/cmsis_os.c:319:9:osKernelRunning	4	static
../platform/osSupport/src/cmsis_os.c:328:10:osKernelSysTick	16	static
../platform/osSupport/src/cmsis_os.c:349:12:osThreadCreate	56	static
../platform/osSupport/src/cmsis_os.c:418:12:osThreadGetId	24	static
../platform/osSupport/src/cmsis_os.c:457:10:osThreadTerminate	40	static
../platform/osSupport/src/cmsis_os.c:500:10:osThreadYield	16	static
../platform/osSupport/src/cmsis_os.c:523:10:osThreadSetPriority	40	static
../platform/osSupport/src/cmsis_os.c:580:12:osThreadGetPriority	40	static
../platform/osSupport/src/cmsis_os.c:624:10:osDelay	32	static
../platform/osSupport/src/cmsis_os.c:661:13:genericTimerCallback	32	static
../platform/osSupport/src/cmsis_os.c:687:11:osTimerCreate	64	static
../platform/osSupport/src/cmsis_os.c:759:10:osTimerStart	40	static
../platform/osSupport/src/cmsis_os.c:825:10:osTimerStop	40	static
../platform/osSupport/src/cmsis_os.c:894:10:osTimerDelete	40	static
../platform/osSupport/src/cmsis_os.c:940:9:osSignalSet	48	static
../platform/osSupport/src/cmsis_os.c:1009:9:osSignalClear	48	static
../platform/osSupport/src/cmsis_os.c:1074:9:osSignalWait	64	static
../platform/osSupport/src/cmsis_os.c:1122:11:osMutexCreate	32	static
../platform/osSupport/src/cmsis_os.c:1172:10:osMutexWait	40	static
../platform/osSupport/src/cmsis_os.c:1232:10:osMutexRelease	32	static
../platform/osSupport/src/cmsis_os.c:1265:10:osMutexDelete	16	static
../platform/osSupport/src/cmsis_os.c:1284:15:osSemaphoreCreate	32	static
../platform/osSupport/src/cmsis_os.c:1332:9:osSemaphoreWait	32	static
../platform/osSupport/src/cmsis_os.c:1372:10:osSemaphoreRelease	40	static
../platform/osSupport/src/cmsis_os.c:1411:10:osSemaphoreDelete	40	static
../platform/osSupport/src/cmsis_os.c:1488:10:osPoolCreate	40	static
../platform/osSupport/src/cmsis_os.c:1588:7:osPoolAlloc	40	static
../platform/osSupport/src/cmsis_os.c:1628:7:osPoolCAlloc	32	static
../platform/osSupport/src/cmsis_os.c:1650:10:osPoolFree	32	static
../platform/osSupport/src/cmsis_os.c:1701:14:osMessageCreate	40	static
../platform/osSupport/src/cmsis_os.c:1740:10:osMessagePut	48	static
../platform/osSupport/src/cmsis_os.c:1794:9:osMessageGet	64	static
../platform/osSupport/src/cmsis_os.c:1899:11:osMailCreate	64	static
../platform/osSupport/src/cmsis_os.c:2037:7:osMailAlloc	56	static
../platform/osSupport/src/cmsis_os.c:2075:7:osMailCAlloc	24	static
../platform/osSupport/src/cmsis_os.c:2109:10:osMailPut	32	static
../platform/osSupport/src/cmsis_os.c:2141:9:osMailGet	56	static
../platform/osSupport/src/cmsis_os.c:2169:10:osMailFree	48	static
