C:\Users\joklappe\Rhapsody\RXF/RXF_Event.h:46:25:RXF::Event::Event(RXF::Event::Id_t, bool)	24	static
C:\Users\joklappe\Rhapsody\RXF/RXF_Event.h:62:21:void RXF::Event::setId(RXF::Event::Id_t)	16	static
C:\Users\joklappe\Rhapsody\RXF/RXF_Event.h:128:24:RXF::Event::~Event()	16	static
C:\Users\joklappe\Rhapsody\RXF/RXF_Event.h:128:24:virtual RXF::Event::~Event()	16	static
../GeneratedModel/Application.cpp:24:1:evRunBackward::evRunBackward()	16	static
../GeneratedModel/Application.cpp:30:1:evRunForward::evRunForward()	16	static
../GeneratedModel/Application.cpp:36:1:evStop::evStop()	16	static
../GeneratedModel/Application.cpp:42:1:evMenu::evMenu()	16	static
../GeneratedModel/Application.cpp:48:1:evReset::evReset()	16	static
../GeneratedModel/Application.cpp:54:1:evMenuExit::evMenuExit()	16	static
../GeneratedModel/Application.cpp:60:1:evRaiseStartTime::evRaiseStartTime()	16	static
../GeneratedModel/Application.cpp:66:1:evReduceStartTime::evReduceStartTime()	16	static
../GeneratedModel/Application.cpp:72:1:evRaiseTimeFactor::evRaiseTimeFactor()	16	static
../GeneratedModel/Application.cpp:78:1:evReduceTimeFactor::evReduceTimeFactor()	16	static
../GeneratedModel/Application.cpp:84:1:evTimeFactorSetting::evTimeFactorSetting()	16	static
../GeneratedModel/Application.cpp:90:1:evStartTimeSetting::evStartTimeSetting()	16	static
../GeneratedModel/Application.cpp:96:1:evGoBack::evGoBack()	16	static
../GeneratedModel/Application.cpp:102:1:evResetTime::evResetTime()	16	static
../GeneratedModel/Application.cpp:108:1:evCalibrate::evCalibrate()	16	static
../GeneratedModel/Application.cpp:114:1:evConfigSettingsChangend::evConfigSettingsChangend()	16	static
../GeneratedModel/Application.cpp:120:1:evProgrammStart::evProgrammStart()	16	static
../GeneratedModel/Application.cpp:126:1:evStart::evStart()	16	static
../GeneratedModel/Application.cpp:132:1:evGoBackToRunHourglass::evGoBackToRunHourglass()	16	static
../GeneratedModel/Application.h:215:7:evGoBackToRunHourglass::~evGoBackToRunHourglass()	16	static
../GeneratedModel/Application.h:215:7:virtual evGoBackToRunHourglass::~evGoBackToRunHourglass()	16	static
../GeneratedModel/Application.h:205:7:evStart::~evStart()	16	static
../GeneratedModel/Application.h:205:7:virtual evStart::~evStart()	16	static
../GeneratedModel/Application.h:195:7:evProgrammStart::~evProgrammStart()	16	static
../GeneratedModel/Application.h:195:7:virtual evProgrammStart::~evProgrammStart()	16	static
../GeneratedModel/Application.h:185:7:evConfigSettingsChangend::~evConfigSettingsChangend()	16	static
../GeneratedModel/Application.h:185:7:virtual evConfigSettingsChangend::~evConfigSettingsChangend()	16	static
../GeneratedModel/Application.h:175:7:evCalibrate::~evCalibrate()	16	static
../GeneratedModel/Application.h:175:7:virtual evCalibrate::~evCalibrate()	16	static
../GeneratedModel/Application.h:165:7:evResetTime::~evResetTime()	16	static
../GeneratedModel/Application.h:165:7:virtual evResetTime::~evResetTime()	16	static
../GeneratedModel/Application.h:155:7:evGoBack::~evGoBack()	16	static
../GeneratedModel/Application.h:155:7:virtual evGoBack::~evGoBack()	16	static
../GeneratedModel/Application.h:145:7:evStartTimeSetting::~evStartTimeSetting()	16	static
../GeneratedModel/Application.h:145:7:virtual evStartTimeSetting::~evStartTimeSetting()	16	static
../GeneratedModel/Application.h:135:7:evTimeFactorSetting::~evTimeFactorSetting()	16	static
../GeneratedModel/Application.h:135:7:virtual evTimeFactorSetting::~evTimeFactorSetting()	16	static
../GeneratedModel/Application.h:125:7:evReduceTimeFactor::~evReduceTimeFactor()	16	static
../GeneratedModel/Application.h:125:7:virtual evReduceTimeFactor::~evReduceTimeFactor()	16	static
../GeneratedModel/Application.h:115:7:evRaiseTimeFactor::~evRaiseTimeFactor()	16	static
../GeneratedModel/Application.h:115:7:virtual evRaiseTimeFactor::~evRaiseTimeFactor()	16	static
../GeneratedModel/Application.h:105:7:evReduceStartTime::~evReduceStartTime()	16	static
../GeneratedModel/Application.h:105:7:virtual evReduceStartTime::~evReduceStartTime()	16	static
../GeneratedModel/Application.h:95:7:evRaiseStartTime::~evRaiseStartTime()	16	static
../GeneratedModel/Application.h:95:7:virtual evRaiseStartTime::~evRaiseStartTime()	16	static
../GeneratedModel/Application.h:85:7:evMenuExit::~evMenuExit()	16	static
../GeneratedModel/Application.h:85:7:virtual evMenuExit::~evMenuExit()	16	static
../GeneratedModel/Application.h:75:7:evReset::~evReset()	16	static
../GeneratedModel/Application.h:75:7:virtual evReset::~evReset()	16	static
../GeneratedModel/Application.h:65:7:evMenu::~evMenu()	16	static
../GeneratedModel/Application.h:65:7:virtual evMenu::~evMenu()	16	static
../GeneratedModel/Application.h:55:7:evStop::~evStop()	16	static
../GeneratedModel/Application.h:55:7:virtual evStop::~evStop()	16	static
../GeneratedModel/Application.h:45:7:evRunForward::~evRunForward()	16	static
../GeneratedModel/Application.h:45:7:virtual evRunForward::~evRunForward()	16	static
../GeneratedModel/Application.h:35:7:evRunBackward::~evRunBackward()	16	static
../GeneratedModel/Application.h:35:7:virtual evRunBackward::~evRunBackward()	16	static
