C:\Users\joklappe\Rhapsody\RXF/RXF_Event.h:53:21:RXF::Event::Id_t RXF::Event::getId() const	16	static
C:\Users\joklappe\Rhapsody\RXF/RXF_Reactive.h:179:29:const RXF::Event* RXF::Reactive::getCurrentEvent() const	16	static
../GeneratedModel/ConfigStorage.cpp:17:1:ConfigStorage::ConfigStorage(RXF::Active*)	16	static
../GeneratedModel/ConfigStorage.cpp:22:1:ConfigStorage::~ConfigStorage()	16	static
../GeneratedModel/ConfigStorage.cpp:22:1:virtual ConfigStorage::~ConfigStorage()	16	static
../GeneratedModel/ConfigStorage.cpp:26:15:uint32_t ConfigStorage::getConfigdata()	16	static
../GeneratedModel/ConfigStorage.cpp:39:6:void ConfigStorage::setConfigdata(uint32_t)	16	static
../GeneratedModel/ConfigStorage.cpp:49:15:uint32_t ConfigStorage::getDefaultStartTime() const	16	static
../GeneratedModel/ConfigStorage.cpp:53:6:void ConfigStorage::setDefaultStartTime(uint32_t)	16	static
../GeneratedModel/ConfigStorage.cpp:57:15:uint32_t ConfigStorage::getLastStartTime() const	16	static
../GeneratedModel/ConfigStorage.cpp:61:6:void ConfigStorage::setLastStartTime(uint32_t)	16	static
../GeneratedModel/ConfigStorage.cpp:65:6:bool ConfigStorage::getSuccess() const	16	static
../GeneratedModel/ConfigStorage.cpp:69:6:void ConfigStorage::setSuccess(bool)	16	static
../GeneratedModel/ConfigStorage.cpp:73:13:EepromData* ConfigStorage::getItsEepromData() const	16	static
../GeneratedModel/ConfigStorage.cpp:77:6:void ConfigStorage::setItsEepromData(EepromData*)	16	static
../GeneratedModel/ConfigStorage.cpp:81:6:virtual bool ConfigStorage::startBehavior()	24	static
../GeneratedModel/ConfigStorage.cpp:87:6:void ConfigStorage::cleanUpRelations()	16	static
../GeneratedModel/ConfigStorage.cpp:94:6:virtual void ConfigStorage::send_evProgrammStart()	32	static
../GeneratedModel/ConfigStorage.cpp:98:6:virtual void ConfigStorage::send_evConfigSettingsChangend()	32	static
../GeneratedModel/ConfigStorage.cpp:102:6:virtual void ConfigStorage::rootState_entDef()	16	static
../GeneratedModel/ConfigStorage.cpp:109:32:virtual RXF::Reactive::TakeEventStatus ConfigStorage::rootState_processEvent()	24	static
