C:\Users\joklappe\Rhapsody\RXF/RXF_Event.h:53:21:RXF::Event::Id_t RXF::Event::getId() const	16	static
C:\Users\joklappe\Rhapsody\RXF/RXF_Reactive.h:179:29:const RXF::Event* RXF::Reactive::getCurrentEvent() const	16	static
../GeneratedModel/DisplayTask.cpp:16:1:DisplayTask::DisplayTask(uint32_t)	32	static
../GeneratedModel/DisplayTask.cpp:23:1:DisplayTask::DisplayTask()	32	static
../GeneratedModel/DisplayTask.cpp:28:1:DisplayTask::~DisplayTask()	16	static
../GeneratedModel/DisplayTask.cpp:28:1:virtual DisplayTask::~DisplayTask()	16	static
../GeneratedModel/DisplayTask.cpp:32:6:void DisplayTask::init()	16	static
../GeneratedModel/DisplayTask.cpp:37:6:void DisplayTask::updateDisplay(uint32_t, uint32_t, uint32_t, int32_t, int32_t, int32_t)	24	static
../GeneratedModel/DisplayTask.cpp:48:14:int32_t DisplayTask::getAcc_X() const	16	static
../GeneratedModel/DisplayTask.cpp:52:6:void DisplayTask::setAcc_X(int32_t)	16	static
../GeneratedModel/DisplayTask.cpp:56:14:int32_t DisplayTask::getAcc_Y() const	16	static
../GeneratedModel/DisplayTask.cpp:60:6:void DisplayTask::setAcc_Y(int32_t)	16	static
../GeneratedModel/DisplayTask.cpp:64:14:int32_t DisplayTask::getAcc_Z() const	16	static
../GeneratedModel/DisplayTask.cpp:68:6:void DisplayTask::setAcc_Z(int32_t)	16	static
../GeneratedModel/DisplayTask.cpp:72:15:uint32_t DisplayTask::getConfigTime_ms() const	16	static
../GeneratedModel/DisplayTask.cpp:76:6:void DisplayTask::setConfigTime_ms(uint32_t)	16	static
../GeneratedModel/DisplayTask.cpp:80:15:uint32_t DisplayTask::getCurrentTime_ms() const	16	static
../GeneratedModel/DisplayTask.cpp:84:6:void DisplayTask::setCurrentTime_ms(uint32_t)	16	static
../GeneratedModel/DisplayTask.cpp:88:15:uint32_t DisplayTask::getMode() const	16	static
../GeneratedModel/DisplayTask.cpp:92:6:void DisplayTask::setMode(uint32_t)	16	static
../GeneratedModel/DisplayTask.cpp:96:15:uint32_t DisplayTask::getUpdateTimeDisplay() const	16	static
../GeneratedModel/DisplayTask.cpp:100:6:void DisplayTask::setUpdateTimeDisplay(uint32_t)	16	static
../GeneratedModel/DisplayTask.cpp:104:10:Display* DisplayTask::getItsDisplay() const	16	static
../GeneratedModel/DisplayTask.cpp:108:6:void DisplayTask::setItsDisplay(Display*)	16	static
../GeneratedModel/DisplayTask.cpp:112:6:virtual bool DisplayTask::startBehavior()	24	static
../GeneratedModel/DisplayTask.cpp:122:6:void DisplayTask::cleanUpRelations()	16	static
../GeneratedModel/DisplayTask.cpp:129:14:RXF::Event** DisplayTask::getQueueMemory()	16	static
../GeneratedModel/DisplayTask.cpp:133:6:virtual void DisplayTask::rootState_entDef()	16	static
../GeneratedModel/DisplayTask.cpp:144:32:virtual RXF::Reactive::TakeEventStatus DisplayTask::rootState_processEvent()	56	static
