C:\Users\joklappe\Rhapsody\RXF/RXF_Event.h:53:21:RXF::Event::Id_t RXF::Event::getId() const	16	static
C:\Users\joklappe\Rhapsody\RXF/RXF_Reactive.h:179:29:const RXF::Event* RXF::Reactive::getCurrentEvent() const	16	static
c:\nxp\mcuxpressoide_11.6.0_8187\ide\plugins\com.nxp.mcuxpresso.tools.win32_11.6.0.202112161359\tools\arm-none-eabi\include\c++\10.3.1\new:174:33:void* operator new(std::size_t, void*)	16	static
c:\nxp\mcuxpressoide_11.6.0_8187\ide\plugins\com.nxp.mcuxpresso.tools.win32_11.6.0.202112161359\tools\arm-none-eabi\include\c++\10.3.1\bits\std_function.h:87:17:void* std::_Any_data::_M_access()	16	static
c:\nxp\mcuxpressoide_11.6.0_8187\ide\plugins\com.nxp.mcuxpresso.tools.win32_11.6.0.202112161359\tools\arm-none-eabi\include\c++\10.3.1\bits\std_function.h:88:17:const void* std::_Any_data::_M_access() const	16	static
c:\nxp\mcuxpressoide_11.6.0_8187\ide\plugins\com.nxp.mcuxpresso.tools.win32_11.6.0.202112161359\tools\arm-none-eabi\include\c++\10.3.1\bits\std_function.h:240:5:std::_Function_base::_Function_base()	16	static
c:\nxp\mcuxpressoide_11.6.0_8187\ide\plugins\com.nxp.mcuxpresso.tools.win32_11.6.0.202112161359\tools\arm-none-eabi\include\c++\10.3.1\bits\std_function.h:242:5:std::_Function_base::~_Function_base()	16	static
../GeneratedModel/JoystickLeftButton.cpp:21:33:JoystickLeftButton::JoystickLeftButton(bool, uint8_t, uint8_t, RXF::Active*)::<lambda(uint32_t)>	16	static
c:\nxp\mcuxpressoide_11.6.0_8187\ide\plugins\com.nxp.mcuxpresso.tools.win32_11.6.0.202112161359\tools\arm-none-eabi\include\c++\10.3.1\bits\std_function.h:303:11:std::function<void(long unsigned int)>::~function()	16	static
../GeneratedModel/JoystickLeftButton.cpp:17:1:JoystickLeftButton::JoystickLeftButton(bool, uint8_t, uint8_t, RXF::Active*)	40	static
../GeneratedModel/JoystickLeftButton.cpp:37:1:JoystickLeftButton::~JoystickLeftButton()	16	static
../GeneratedModel/JoystickLeftButton.cpp:37:1:virtual JoystickLeftButton::~JoystickLeftButton()	16	static
../GeneratedModel/JoystickLeftButton.cpp:41:6:bool JoystickLeftButton::getIsPressed() const	16	static
../GeneratedModel/JoystickLeftButton.cpp:45:6:void JoystickLeftButton::setIsPressed(bool)	16	static
../GeneratedModel/JoystickLeftButton.cpp:49:30:Platform::BSP::DigitalInOut* JoystickLeftButton::getItsDigitalInOut() const	16	static
../GeneratedModel/JoystickLeftButton.cpp:53:22:JoystickLeftHandler* JoystickLeftButton::getItsJoystickLeftHandler() const	16	static
../GeneratedModel/JoystickLeftButton.cpp:57:6:void JoystickLeftButton::setItsJoystickLeftHandler(JoystickLeftHandler*)	16	static
../GeneratedModel/JoystickLeftButton.cpp:61:6:virtual bool JoystickLeftButton::startBehavior()	24	static
../GeneratedModel/JoystickLeftButton.cpp:70:6:void JoystickLeftButton::cleanUpRelations()	16	static
../GeneratedModel/JoystickLeftButton.cpp:77:6:virtual void JoystickLeftButton::send_evJoystickLeftPressed()	32	static
../GeneratedModel/JoystickLeftButton.cpp:81:6:virtual void JoystickLeftButton::send_evJoystickLeftReleased()	32	static
../GeneratedModel/JoystickLeftButton.cpp:85:6:virtual void JoystickLeftButton::rootState_entDef()	16	static
../GeneratedModel/JoystickLeftButton.cpp:92:32:virtual RXF::Reactive::TakeEventStatus JoystickLeftButton::rootState_processEvent()	24	static
c:\nxp\mcuxpressoide_11.6.0_8187\ide\plugins\com.nxp.mcuxpresso.tools.win32_11.6.0.202112161359\tools\arm-none-eabi\include\c++\10.3.1\bits\std_function.h:601:7:)>::function(_Functor) [with _Functor = JoystickLeftButton::JoystickLeftButton(bool, uint8_t, uint8_t, RXF::Active*)::<lambda(uint32_t)>; <template-parameter-2-2> = void; <template-parameter-2-3> = void; _Res = void; _ArgTypes = {long unsigned int}]	24	static
c:\nxp\mcuxpressoide_11.6.0_8187\ide\plugins\com.nxp.mcuxpresso.tools.win32_11.6.0.202112161359\tools\arm-none-eabi\include\c++\10.3.1\bits\std_function.h:227:4:static bool std::_Function_base::_Base_manager<_Functor>::_M_not_empty_function(const _Tp&) [with _Tp = JoystickLeftButton::JoystickLeftButton(bool, uint8_t, uint8_t, RXF::Active*)::<lambda(uint32_t)>; _Functor = JoystickLeftButton::JoystickLeftButton(bool, uint8_t, uint8_t, RXF::Active*)::<lambda(uint32_t)>]	16	static
c:\nxp\mcuxpressoide_11.6.0_8187\ide\plugins\com.nxp.mcuxpresso.tools.win32_11.6.0.202112161359\tools\arm-none-eabi\include\c++\10.3.1\bits\move.h:101:5:constexpr typename std::remove_reference<_Tp>::type&& std::move(_Tp&&) [with _Tp = JoystickLeftButton::JoystickLeftButton(bool, uint8_t, uint8_t, RXF::Active*)::<lambda(uint32_t)>&]	16	static
c:\nxp\mcuxpressoide_11.6.0_8187\ide\plugins\com.nxp.mcuxpresso.tools.win32_11.6.0.202112161359\tools\arm-none-eabi\include\c++\10.3.1\bits\std_function.h:207:2:static void std::_Function_base::_Base_manager<_Functor>::_M_init_functor(std::_Any_data&, _Functor&&) [with _Functor = JoystickLeftButton::JoystickLeftButton(bool, uint8_t, uint8_t, RXF::Active*)::<lambda(uint32_t)>]	24	static
c:\nxp\mcuxpressoide_11.6.0_8187\ide\plugins\com.nxp.mcuxpresso.tools.win32_11.6.0.202112161359\tools\arm-none-eabi\include\c++\10.3.1\bits\std_function.h:289:7:) [with _Res = void; _Functor = JoystickLeftButton::JoystickLeftButton(bool, uint8_t, uint8_t, RXF::Active*)::<lambda(uint32_t)>; _ArgTypes = {long unsigned int}]	24	static
c:\nxp\mcuxpressoide_11.6.0_8187\ide\plugins\com.nxp.mcuxpresso.tools.win32_11.6.0.202112161359\tools\arm-none-eabi\include\c++\10.3.1\bits\std_function.h:268:7:), _Functor>::_M_manager(std::_Any_data&, const std::_Any_data&, std::_Manager_operation) [with _Res = void; _Functor = JoystickLeftButton::JoystickLeftButton(bool, uint8_t, uint8_t, RXF::Active*)::<lambda(uint32_t)>; _ArgTypes = {long unsigned int}]	32	static
c:\nxp\mcuxpressoide_11.6.0_8187\ide\plugins\com.nxp.mcuxpresso.tools.win32_11.6.0.202112161359\tools\arm-none-eabi\include\c++\10.3.1\bits\std_function.h:232:2:static void std::_Function_base::_Base_manager<_Functor>::_M_init_functor(std::_Any_data&, _Functor&&, std::true_type) [with _Functor = JoystickLeftButton::JoystickLeftButton(bool, uint8_t, uint8_t, RXF::Active*)::<lambda(uint32_t)>]	32	static
c:\nxp\mcuxpressoide_11.6.0_8187\ide\plugins\com.nxp.mcuxpresso.tools.win32_11.6.0.202112161359\tools\arm-none-eabi\include\c++\10.3.1\bits\std_function.h:136:2:static _Functor* std::_Function_base::_Base_manager<_Functor>::_M_get_pointer(const std::_Any_data&) [with _Functor = JoystickLeftButton::JoystickLeftButton(bool, uint8_t, uint8_t, RXF::Active*)::<lambda(uint32_t)>]	24	static
c:\nxp\mcuxpressoide_11.6.0_8187\ide\plugins\com.nxp.mcuxpresso.tools.win32_11.6.0.202112161359\tools\arm-none-eabi\include\c++\10.3.1\bits\move.h:76:5:constexpr _Tp&& std::forward(typename std::remove_reference<_Tp>::type&) [with _Tp = long unsigned int]	16	static
c:\nxp\mcuxpressoide_11.6.0_8187\ide\plugins\com.nxp.mcuxpresso.tools.win32_11.6.0.202112161359\tools\arm-none-eabi\include\c++\10.3.1\bits\invoke.h:148:5:) [with _Res = void; _Callable = JoystickLeftButton::JoystickLeftButton(bool, uint8_t, uint8_t, RXF::Active*)::<lambda(uint32_t)>&; _Args = {long unsigned int}]	24	static
c:\nxp\mcuxpressoide_11.6.0_8187\ide\plugins\com.nxp.mcuxpresso.tools.win32_11.6.0.202112161359\tools\arm-none-eabi\include\c++\10.3.1\bits\std_function.h:92:7:_Tp& std::_Any_data::_M_access() [with _Tp = JoystickLeftButton::JoystickLeftButton(bool, uint8_t, uint8_t, RXF::Active*)::<lambda(uint32_t)>*]	16	static
c:\nxp\mcuxpressoide_11.6.0_8187\ide\plugins\com.nxp.mcuxpresso.tools.win32_11.6.0.202112161359\tools\arm-none-eabi\include\c++\10.3.1\bits\std_function.h:181:2:static bool std::_Function_base::_Base_manager<_Functor>::_M_manager(std::_Any_data&, const std::_Any_data&, std::_Manager_operation) [with _Functor = JoystickLeftButton::JoystickLeftButton(bool, uint8_t, uint8_t, RXF::Active*)::<lambda(uint32_t)>]	32	static
c:\nxp\mcuxpressoide_11.6.0_8187\ide\plugins\com.nxp.mcuxpresso.tools.win32_11.6.0.202112161359\tools\arm-none-eabi\include\c++\10.3.1\bits\std_function.h:97:7:const _Tp& std::_Any_data::_M_access() const [with _Tp = JoystickLeftButton::JoystickLeftButton(bool, uint8_t, uint8_t, RXF::Active*)::<lambda(uint32_t)>]	16	static
c:\nxp\mcuxpressoide_11.6.0_8187\ide\plugins\com.nxp.mcuxpresso.tools.win32_11.6.0.202112161359\tools\arm-none-eabi\include\c++\10.3.1\bits\move.h:49:5:constexpr _Tp* std::__addressof(_Tp&) [with _Tp = const JoystickLeftButton::JoystickLeftButton(bool, uint8_t, uint8_t, RXF::Active*)::<lambda(uint32_t)>]	16	static
c:\nxp\mcuxpressoide_11.6.0_8187\ide\plugins\com.nxp.mcuxpresso.tools.win32_11.6.0.202112161359\tools\arm-none-eabi\include\c++\10.3.1\bits\move.h:76:5:constexpr _Tp&& std::forward(typename std::remove_reference<_Tp>::type&) [with _Tp = JoystickLeftButton::JoystickLeftButton(bool, uint8_t, uint8_t, RXF::Active*)::<lambda(uint32_t)>&]	16	static
c:\nxp\mcuxpressoide_11.6.0_8187\ide\plugins\com.nxp.mcuxpresso.tools.win32_11.6.0.202112161359\tools\arm-none-eabi\include\c++\10.3.1\bits\invoke.h:59:5:) [with _Res = void; _Fn = JoystickLeftButton::JoystickLeftButton(bool, uint8_t, uint8_t, RXF::Active*)::<lambda(uint32_t)>&; _Args = {long unsigned int}]	32	static
c:\nxp\mcuxpressoide_11.6.0_8187\ide\plugins\com.nxp.mcuxpresso.tools.win32_11.6.0.202112161359\tools\arm-none-eabi\include\c++\10.3.1\bits\std_function.h:150:2:static void std::_Function_base::_Base_manager<_Functor>::_M_clone(std::_Any_data&, const std::_Any_data&, std::true_type) [with _Functor = JoystickLeftButton::JoystickLeftButton(bool, uint8_t, uint8_t, RXF::Active*)::<lambda(uint32_t)>]	32	static
c:\nxp\mcuxpressoide_11.6.0_8187\ide\plugins\com.nxp.mcuxpresso.tools.win32_11.6.0.202112161359\tools\arm-none-eabi\include\c++\10.3.1\bits\std_function.h:167:2:static void std::_Function_base::_Base_manager<_Functor>::_M_destroy(std::_Any_data&, std::true_type) [with _Functor = JoystickLeftButton::JoystickLeftButton(bool, uint8_t, uint8_t, RXF::Active*)::<lambda(uint32_t)>]	16	static
c:\nxp\mcuxpressoide_11.6.0_8187\ide\plugins\com.nxp.mcuxpresso.tools.win32_11.6.0.202112161359\tools\arm-none-eabi\include\c++\10.3.1\bits\std_function.h:92:7:_Tp& std::_Any_data::_M_access() [with _Tp = JoystickLeftButton::JoystickLeftButton(bool, uint8_t, uint8_t, RXF::Active*)::<lambda(uint32_t)>]	16	static
C:\Users\joklappe\Rhapsody\platform\bsp\inc/PortPin.h:60:10:Platform::BSP::PortPin::~PortPin()	16	static
C:\Users\joklappe\Rhapsody\platform\bsp\inc/PortPin.h:60:10:virtual Platform::BSP::PortPin::~PortPin()	16	static
C:\Users\joklappe\Rhapsody\platform\bsp\inc/digitalinout.h:72:10:Platform::BSP::DigitalInOut::~DigitalInOut()	16	static
C:\Users\joklappe\Rhapsody\platform\bsp\inc/digitalinout.h:72:10:virtual Platform::BSP::DigitalInOut::~DigitalInOut()	16	static
