c:\nxp\mcuxpressoide_11.6.0_8187\ide\plugins\com.nxp.mcuxpresso.tools.win32_11.6.0.202112161359\tools\arm-none-eabi\include\c++\10.3.1\arm-none-eabi\thumb\v7-m\nofp\bits\gthr-default.h:229:1:int __gthread_key_delete(__gthread_key_t)	16	static
../GeneratedModel/LPC1769.cpp:26:6:void LPC1769_initRelations()	4	static
../GeneratedModel/LPC1769.cpp:29:6:bool LPC1769_startBehavior()	16	static
../GeneratedModel/LPC1769.cpp:38:1:LPC1769_OMInitializer::LPC1769_OMInitializer()	16	static
../GeneratedModel/LPC1769.cpp:43:1:LPC1769_OMInitializer::~LPC1769_OMInitializer()	16	static
../GeneratedModel/LPC1769.cpp:44:1:void __static_initialization_and_destruction_0(int, int)	16	static
../GeneratedModel/LPC1769.cpp:44:1:cpp)	8	static
