c:\nxp\mcuxpressoide_11.6.0_8187\ide\plugins\com.nxp.mcuxpresso.tools.win32_11.6.0.202112161359\tools\arm-none-eabi\include\c++\10.3.1\new:174:33:void* operator new(std::size_t, void*)	16	static
c:\nxp\mcuxpressoide_11.6.0_8187\ide\plugins\com.nxp.mcuxpresso.tools.win32_11.6.0.202112161359\tools\arm-none-eabi\include\c++\10.3.1\bits\std_function.h:87:17:void* std::_Any_data::_M_access()	16	static
c:\nxp\mcuxpressoide_11.6.0_8187\ide\plugins\com.nxp.mcuxpresso.tools.win32_11.6.0.202112161359\tools\arm-none-eabi\include\c++\10.3.1\bits\std_function.h:88:17:const void* std::_Any_data::_M_access() const	16	static
c:\nxp\mcuxpressoide_11.6.0_8187\ide\plugins\com.nxp.mcuxpresso.tools.win32_11.6.0.202112161359\tools\arm-none-eabi\include\c++\10.3.1\bits\std_function.h:240:5:std::_Function_base::_Function_base()	16	static
c:\nxp\mcuxpressoide_11.6.0_8187\ide\plugins\com.nxp.mcuxpresso.tools.win32_11.6.0.202112161359\tools\arm-none-eabi\include\c++\10.3.1\bits\std_function.h:242:5:std::_Function_base::~_Function_base()	16	static
c:\nxp\mcuxpressoide_11.6.0_8187\ide\plugins\com.nxp.mcuxpresso.tools.win32_11.6.0.202112161359\tools\arm-none-eabi\include\c++\10.3.1\bits\std_function.h:248:10:bool std::_Function_base::_M_empty() const	16	static
C:\Users\joklappe\Rhapsody\platform\chip\inc/core_cm3.h:1323:22:void NVIC_EnableIRQ(IRQn_Type)	16	static
C:\Users\joklappe\Rhapsody\platform\chip\inc/core_cm3.h:1335:22:void NVIC_DisableIRQ(IRQn_Type)	16	static
C:\Users\joklappe\Rhapsody\platform\chip\inc/core_cm3.h:1405:22:void NVIC_SetPriority(IRQn_Type, uint32_t)	16	static
C:\Users\joklappe\Rhapsody\platform\chip\inc/gpioint_17xx_40xx.h:80:20:void Chip_GPIOINT_Init(LPC_GPIOINT_T*)	16	static
C:\Users\joklappe\Rhapsody\platform\chip\inc/gpioint_17xx_40xx.h:106:20:void Chip_GPIOINT_SetIntFalling(LPC_GPIOINT_T*, LPC_GPIOINT_PORT_T, uint32_t)	24	static
C:\Users\joklappe\Rhapsody\platform\chip\inc/gpioint_17xx_40xx.h:123:20:void Chip_GPIOINT_SetIntRising(LPC_GPIOINT_T*, LPC_GPIOINT_PORT_T, uint32_t)	24	static
C:\Users\joklappe\Rhapsody\platform\chip\inc/gpioint_17xx_40xx.h:138:24:uint32_t Chip_GPIOINT_GetIntFalling(LPC_GPIOINT_T*, LPC_GPIOINT_PORT_T)	16	static
C:\Users\joklappe\Rhapsody\platform\chip\inc/gpioint_17xx_40xx.h:153:24:uint32_t Chip_GPIOINT_GetIntRising(LPC_GPIOINT_T*, LPC_GPIOINT_PORT_T)	16	static
C:\Users\joklappe\Rhapsody\platform\chip\inc/gpioint_17xx_40xx.h:168:24:uint32_t Chip_GPIOINT_GetStatusFalling(LPC_GPIOINT_T*, LPC_GPIOINT_PORT_T)	16	static
C:\Users\joklappe\Rhapsody\platform\chip\inc/gpioint_17xx_40xx.h:183:24:uint32_t Chip_GPIOINT_GetStatusRising(LPC_GPIOINT_T*, LPC_GPIOINT_PORT_T)	16	static
C:\Users\joklappe\Rhapsody\platform\chip\inc/gpioint_17xx_40xx.h:199:20:void Chip_GPIOINT_ClearIntStatus(LPC_GPIOINT_T*, LPC_GPIOINT_PORT_T, uint32_t)	24	static
C:\Users\joklappe\Rhapsody\platform\chip\inc/gpioint_17xx_40xx.h:214:20:bool Chip_GPIOINT_IsIntPending(LPC_GPIOINT_T*, LPC_GPIOINT_PORT_T)	16	static
C:\Users\joklappe\Rhapsody\platform\bsp\inc/PortPin.h:68:10:uint8_t Platform::BSP::PortPin::port() const	16	static
C:\Users\joklappe\Rhapsody\platform\bsp\inc/PortPin.h:74:10:uint8_t Platform::BSP::PortPin::pin() const	16	static
C:\Users\joklappe\Rhapsody\platform\bsp\inc/digitalinout.h:92:10:uint8_t Platform::BSP::DigitalInOut::getPort() const	16	static
C:\Users\joklappe\Rhapsody\platform\bsp\inc/digitalinout.h:97:11:uint32_t Platform::BSP::DigitalInOut::getPin() const	16	static
C:\Users\joklappe\Rhapsody\platform\bsp\inc/interrupt.h:121:10:bool Platform::BSP::InterruptManager::isInterruptible(uint32_t, uint32_t) const	24	static
C:\Users\joklappe\Rhapsody\platform\bsp\inc/interrupt.h:125:24:LPC_GPIOINT_PORT_T Platform::BSP::InterruptManager::getIntPort(uint32_t) const	16	static
C:\Users\joklappe\Rhapsody\platform\bsp\inc/interrupt.h:130:10:bool Platform::BSP::InterruptManager::isTrigger(uint32_t, Platform::BSP::DigitalInOut::EdgeType) const	24	static
c:\nxp\mcuxpressoide_11.6.0_8187\ide\plugins\com.nxp.mcuxpresso.tools.win32_11.6.0.202112161359\tools\arm-none-eabi\include\c++\10.3.1\bits\std_function.h:303:11:std::function<void(long unsigned int)>::~function()	16	static
../platform/bsp/src/interrupt.cpp:11:1:Platform::BSP::InterruptManager::InterruptManager()	24	static
../platform/bsp/src/interrupt.cpp:24:6:static void Platform::BSP::InterruptManager::failure(uint32_t)	16	static
../platform/bsp/src/interrupt.cpp:32:6:static void Platform::BSP::InterruptManager::resolve()	8	static
../platform/bsp/src/interrupt.cpp:42:6:static void Platform::BSP::InterruptManager::resolve(LPC_GPIOINT_PORT_T, uint32_t, Platform::BSP::InterruptManager::NUMOFHANDLER)	32	static
../platform/bsp/src/interrupt.cpp:80:6:bool Platform::BSP::InterruptManager::attach(const Platform::BSP::DigitalInOut&, const InterruptHandler&) const	40	static
../platform/bsp/src/interrupt.cpp:98:6:bool Platform::BSP::InterruptManager::detach(const Platform::BSP::DigitalInOut&) const	32	static
../platform/bsp/src/interrupt.cpp:121:6:bool Platform::BSP::InterruptManager::enable(const Platform::BSP::DigitalInOut&, uint32_t) const	48	static
../platform/bsp/src/interrupt.cpp:148:6:bool Platform::BSP::InterruptManager::disable(const Platform::BSP::DigitalInOut&) const	40	static
../platform/bsp/src/interrupt.cpp:171:6:bool Platform::BSP::InterruptManager::clear(const Platform::BSP::DigitalInOut&) const	40	static
../platform/bsp/src/interrupt.cpp:189:6:void Platform::BSP::InterruptManager::enable()	16	static
../platform/bsp/src/interrupt.cpp:201:6:void Platform::BSP::InterruptManager::disable()	16	static
../platform/bsp/src/interrupt.cpp:212:17:void EINT3_IRQHandler()	8	static
c:\nxp\mcuxpressoide_11.6.0_8187\ide\plugins\com.nxp.mcuxpresso.tools.win32_11.6.0.202112161359\tools\arm-none-eabi\include\c++\10.3.1\bits\std_function.h:337:7:)>::function(std::nullptr_t) [with _Res = void; _ArgTypes = {long unsigned int}]	16	static
c:\nxp\mcuxpressoide_11.6.0_8187\ide\plugins\com.nxp.mcuxpresso.tools.win32_11.6.0.202112161359\tools\arm-none-eabi\include\c++\10.3.1\bits\std_function.h:330:7:)>::function() [with _Res = void; _ArgTypes = {long unsigned int}]	16	static
c:\nxp\mcuxpressoide_11.6.0_8187\ide\plugins\com.nxp.mcuxpresso.tools.win32_11.6.0.202112161359\tools\arm-none-eabi\include\c++\10.3.1\bits\std_function.h:680:5:)>&, std::nullptr_t) [with _Res = void; _Args = {long unsigned int}]	16	static
c:\nxp\mcuxpressoide_11.6.0_8187\ide\plugins\com.nxp.mcuxpresso.tools.win32_11.6.0.202112161359\tools\arm-none-eabi\include\c++\10.3.1\bits\std_function.h:457:2:)>::operator=(_Functor&&) [with _Functor = void (&)(long unsigned int); _Res = void; _ArgTypes = {long unsigned int}]	32	static
c:\nxp\mcuxpressoide_11.6.0_8187\ide\plugins\com.nxp.mcuxpresso.tools.win32_11.6.0.202112161359\tools\arm-none-eabi\include\c++\10.3.1\bits\std_function.h:617:5:) const [with _Res = void; _ArgTypes = {long unsigned int}]	24	static
c:\nxp\mcuxpressoide_11.6.0_8187\ide\plugins\com.nxp.mcuxpresso.tools.win32_11.6.0.202112161359\tools\arm-none-eabi\include\c++\10.3.1\bits\std_function.h:396:7:)>&) [with _Res = void; _ArgTypes = {long unsigned int}]	32	static
c:\nxp\mcuxpressoide_11.6.0_8187\ide\plugins\com.nxp.mcuxpresso.tools.win32_11.6.0.202112161359\tools\arm-none-eabi\include\c++\10.3.1\bits\std_function.h:481:12:)>&) [with _Res = void; _ArgTypes = {long unsigned int}]	16	static
c:\nxp\mcuxpressoide_11.6.0_8187\ide\plugins\com.nxp.mcuxpresso.tools.win32_11.6.0.202112161359\tools\arm-none-eabi\include\c++\10.3.1\bits\std_function.h:498:16:)>::operator bool() const [with _Res = void; _ArgTypes = {long unsigned int}]	16	static
c:\nxp\mcuxpressoide_11.6.0_8187\ide\plugins\com.nxp.mcuxpresso.tools.win32_11.6.0.202112161359\tools\arm-none-eabi\include\c++\10.3.1\bits\move.h:76:5:constexpr _Tp&& std::forward(typename std::remove_reference<_Tp>::type&) [with _Tp = void (&)(long unsigned int)]	16	static
c:\nxp\mcuxpressoide_11.6.0_8187\ide\plugins\com.nxp.mcuxpresso.tools.win32_11.6.0.202112161359\tools\arm-none-eabi\include\c++\10.3.1\bits\std_function.h:601:7:)>::function(_Functor) [with _Functor = void (*)(long unsigned int); <template-parameter-2-2> = void; <template-parameter-2-3> = void; _Res = void; _ArgTypes = {long unsigned int}]	24	static
c:\nxp\mcuxpressoide_11.6.0_8187\ide\plugins\com.nxp.mcuxpresso.tools.win32_11.6.0.202112161359\tools\arm-none-eabi\include\c++\10.3.1\bits\move.h:76:5:constexpr _Tp&& std::forward(typename std::remove_reference<_Tp>::type&) [with _Tp = long unsigned int]	16	static
c:\nxp\mcuxpressoide_11.6.0_8187\ide\plugins\com.nxp.mcuxpresso.tools.win32_11.6.0.202112161359\tools\arm-none-eabi\include\c++\10.3.1\bits\std_function.h:587:5:)>&) [with _Res = void; _ArgTypes = {long unsigned int}]	16	static
c:\nxp\mcuxpressoide_11.6.0_8187\ide\plugins\com.nxp.mcuxpresso.tools.win32_11.6.0.202112161359\tools\arm-none-eabi\include\c++\10.3.1\bits\move.h:101:5:constexpr typename std::remove_reference<_Tp>::type&& std::move(_Tp&&) [with _Tp = std::_Any_data&]	16	static
c:\nxp\mcuxpressoide_11.6.0_8187\ide\plugins\com.nxp.mcuxpresso.tools.win32_11.6.0.202112161359\tools\arm-none-eabi\include\c++\10.3.1\bits\move.h:189:5:std::_Require<std::__not_<std::__is_tuple_like<_Tp> >, std::is_move_constructible<_Tp>, std::is_move_assignable<_Tp> > std::swap(_Tp&, _Tp&) [with _Tp = std::_Any_data]	24	static
c:\nxp\mcuxpressoide_11.6.0_8187\ide\plugins\com.nxp.mcuxpresso.tools.win32_11.6.0.202112161359\tools\arm-none-eabi\include\c++\10.3.1\bits\move.h:101:5:constexpr typename std::remove_reference<_Tp>::type&& std::move(_Tp&&) [with _Tp = bool (*&)(std::_Any_data&, const std::_Any_data&, std::_Manager_operation)]	16	static
c:\nxp\mcuxpressoide_11.6.0_8187\ide\plugins\com.nxp.mcuxpresso.tools.win32_11.6.0.202112161359\tools\arm-none-eabi\include\c++\10.3.1\bits\move.h:189:5:std::_Require<std::__not_<std::__is_tuple_like<_Tp> >, std::is_move_constructible<_Tp>, std::is_move_assignable<_Tp> > std::swap(_Tp&, _Tp&) [with _Tp = bool (*)(std::_Any_data&, const std::_Any_data&, std::_Manager_operation)]	24	static
c:\nxp\mcuxpressoide_11.6.0_8187\ide\plugins\com.nxp.mcuxpresso.tools.win32_11.6.0.202112161359\tools\arm-none-eabi\include\c++\10.3.1\bits\move.h:101:5:constexpr typename std::remove_reference<_Tp>::type&& std::move(_Tp&&) [with _Tp = void (*&)(const std::_Any_data&, long unsigned int&&)]	16	static
c:\nxp\mcuxpressoide_11.6.0_8187\ide\plugins\com.nxp.mcuxpresso.tools.win32_11.6.0.202112161359\tools\arm-none-eabi\include\c++\10.3.1\bits\move.h:189:5:std::_Require<std::__not_<std::__is_tuple_like<_Tp> >, std::is_move_constructible<_Tp>, std::is_move_assignable<_Tp> > std::swap(_Tp&, _Tp&) [with _Tp = void (*)(const std::_Any_data&, long unsigned int&&)]	24	static
c:\nxp\mcuxpressoide_11.6.0_8187\ide\plugins\com.nxp.mcuxpresso.tools.win32_11.6.0.202112161359\tools\arm-none-eabi\include\c++\10.3.1\bits\std_function.h:217:4:static bool std::_Function_base::_Base_manager<_Functor>::_M_not_empty_function(_Tp*) [with _Tp = void(long unsigned int); _Functor = void (*)(long unsigned int)]	16	static
c:\nxp\mcuxpressoide_11.6.0_8187\ide\plugins\com.nxp.mcuxpresso.tools.win32_11.6.0.202112161359\tools\arm-none-eabi\include\c++\10.3.1\bits\move.h:101:5:constexpr typename std::remove_reference<_Tp>::type&& std::move(_Tp&&) [with _Tp = void (*&)(long unsigned int)]	16	static
c:\nxp\mcuxpressoide_11.6.0_8187\ide\plugins\com.nxp.mcuxpresso.tools.win32_11.6.0.202112161359\tools\arm-none-eabi\include\c++\10.3.1\bits\std_function.h:207:2:static void std::_Function_base::_Base_manager<_Functor>::_M_init_functor(std::_Any_data&, _Functor&&) [with _Functor = void (*)(long unsigned int)]	24	static
c:\nxp\mcuxpressoide_11.6.0_8187\ide\plugins\com.nxp.mcuxpresso.tools.win32_11.6.0.202112161359\tools\arm-none-eabi\include\c++\10.3.1\bits\std_function.h:289:7:) [with _Res = void; _Functor = void (*)(long unsigned int); _ArgTypes = {long unsigned int}]	24	static
c:\nxp\mcuxpressoide_11.6.0_8187\ide\plugins\com.nxp.mcuxpresso.tools.win32_11.6.0.202112161359\tools\arm-none-eabi\include\c++\10.3.1\bits\std_function.h:268:7:), _Functor>::_M_manager(std::_Any_data&, const std::_Any_data&, std::_Manager_operation) [with _Res = void; _Functor = void (*)(long unsigned int); _ArgTypes = {long unsigned int}]	32	static
c:\nxp\mcuxpressoide_11.6.0_8187\ide\plugins\com.nxp.mcuxpresso.tools.win32_11.6.0.202112161359\tools\arm-none-eabi\include\c++\10.3.1\bits\std_function.h:232:2:static void std::_Function_base::_Base_manager<_Functor>::_M_init_functor(std::_Any_data&, _Functor&&, std::true_type) [with _Functor = void (*)(long unsigned int)]	32	static
c:\nxp\mcuxpressoide_11.6.0_8187\ide\plugins\com.nxp.mcuxpresso.tools.win32_11.6.0.202112161359\tools\arm-none-eabi\include\c++\10.3.1\bits\std_function.h:136:2:static _Functor* std::_Function_base::_Base_manager<_Functor>::_M_get_pointer(const std::_Any_data&) [with _Functor = void (*)(long unsigned int)]	24	static
c:\nxp\mcuxpressoide_11.6.0_8187\ide\plugins\com.nxp.mcuxpresso.tools.win32_11.6.0.202112161359\tools\arm-none-eabi\include\c++\10.3.1\bits\invoke.h:148:5:) [with _Res = void; _Callable = void (*&)(long unsigned int); _Args = {long unsigned int}]	24	static
c:\nxp\mcuxpressoide_11.6.0_8187\ide\plugins\com.nxp.mcuxpresso.tools.win32_11.6.0.202112161359\tools\arm-none-eabi\include\c++\10.3.1\bits\std_function.h:92:7:_Tp& std::_Any_data::_M_access() [with _Tp = void (**)(long unsigned int)]	16	static
c:\nxp\mcuxpressoide_11.6.0_8187\ide\plugins\com.nxp.mcuxpresso.tools.win32_11.6.0.202112161359\tools\arm-none-eabi\include\c++\10.3.1\bits\std_function.h:181:2:static bool std::_Function_base::_Base_manager<_Functor>::_M_manager(std::_Any_data&, const std::_Any_data&, std::_Manager_operation) [with _Functor = void (*)(long unsigned int)]	32	static
c:\nxp\mcuxpressoide_11.6.0_8187\ide\plugins\com.nxp.mcuxpresso.tools.win32_11.6.0.202112161359\tools\arm-none-eabi\include\c++\10.3.1\bits\std_function.h:97:7:const _Tp& std::_Any_data::_M_access() const [with _Tp = void (*)(long unsigned int)]	16	static
c:\nxp\mcuxpressoide_11.6.0_8187\ide\plugins\com.nxp.mcuxpresso.tools.win32_11.6.0.202112161359\tools\arm-none-eabi\include\c++\10.3.1\bits\move.h:49:5:constexpr _Tp* std::__addressof(_Tp&) [with _Tp = void (* const)(long unsigned int)]	16	static
c:\nxp\mcuxpressoide_11.6.0_8187\ide\plugins\com.nxp.mcuxpresso.tools.win32_11.6.0.202112161359\tools\arm-none-eabi\include\c++\10.3.1\bits\move.h:76:5:constexpr _Tp&& std::forward(typename std::remove_reference<_Tp>::type&) [with _Tp = void (*&)(long unsigned int)]	16	static
c:\nxp\mcuxpressoide_11.6.0_8187\ide\plugins\com.nxp.mcuxpresso.tools.win32_11.6.0.202112161359\tools\arm-none-eabi\include\c++\10.3.1\bits\invoke.h:59:5:) [with _Res = void; _Fn = void (*&)(long unsigned int); _Args = {long unsigned int}]	32	static
c:\nxp\mcuxpressoide_11.6.0_8187\ide\plugins\com.nxp.mcuxpresso.tools.win32_11.6.0.202112161359\tools\arm-none-eabi\include\c++\10.3.1\bits\std_function.h:150:2:static void std::_Function_base::_Base_manager<_Functor>::_M_clone(std::_Any_data&, const std::_Any_data&, std::true_type) [with _Functor = void (*)(long unsigned int)]	32	static
c:\nxp\mcuxpressoide_11.6.0_8187\ide\plugins\com.nxp.mcuxpresso.tools.win32_11.6.0.202112161359\tools\arm-none-eabi\include\c++\10.3.1\bits\std_function.h:167:2:static void std::_Function_base::_Base_manager<_Functor>::_M_destroy(std::_Any_data&, std::true_type) [with _Functor = void (*)(long unsigned int)]	16	static
c:\nxp\mcuxpressoide_11.6.0_8187\ide\plugins\com.nxp.mcuxpresso.tools.win32_11.6.0.202112161359\tools\arm-none-eabi\include\c++\10.3.1\bits\std_function.h:92:7:_Tp& std::_Any_data::_M_access() [with _Tp = void (*)(long unsigned int)]	16	static
C:\Users\joklappe\Rhapsody\platform\bsp\inc/interrupt.h:42:13:Platform::BSP::InterruptManager::~InterruptManager()	16	static
C:\Users\joklappe\Rhapsody\platform\bsp\inc/interrupt.h:42:13:virtual Platform::BSP::InterruptManager::~InterruptManager()	16	static
../platform/bsp/src/interrupt.cpp:9:32:void __tcf_0(void*)	24	static
../platform/bsp/src/interrupt.cpp:212:86:void __static_initialization_and_destruction_0(int, int)	32	static
../platform/bsp/src/interrupt.cpp:212:86:cpp)	8	static
