C:\Users\joklappe\Rhapsody\platform\bsp\inc/pca9531.h:139:13:void Platform::BSP::PCA9531::setStatus(uint16_t) const	16	static
C:\Users\joklappe\Rhapsody\platform\bsp\inc/i2cdevice.h:76:10:Platform::BSP::I2CDevice::~I2CDevice()	16	static
C:\Users\joklappe\Rhapsody\platform\bsp\inc/i2cdevice.h:76:10:virtual Platform::BSP::I2CDevice::~I2CDevice()	16	static
../platform/bsp/src/pca9531.cpp:7:1:Platform::BSP::PCA9531::PCA9531(Platform::BSP::I2CDevice::Interface, uint8_t)	24	static
../platform/bsp/src/pca9531.cpp:9:6:void Platform::BSP::PCA9531::select(uint16_t, Platform::BSP::PCA9531::Mode) const	24	static
../platform/bsp/src/pca9531.cpp:25:10:uint16_t Platform::BSP::PCA9531::getStatus() const	24	static
../platform/bsp/src/pca9531.cpp:35:19:Platform::BSP::PCA9531::LedState Platform::BSP::PCA9531::getLedStatus(Platform::BSP::PCA9531::Identifier) const	32	static
../platform/bsp/src/pca9531.cpp:46:6:void Platform::BSP::PCA9531::shiftleft(uint32_t) const	16	static
../platform/bsp/src/pca9531.cpp:51:6:void Platform::BSP::PCA9531::shiftright(uint32_t) const	16	static
../platform/bsp/src/pca9531.cpp:56:6:void Platform::BSP::PCA9531::rotateleft(uint32_t) const	24	static
../platform/bsp/src/pca9531.cpp:62:6:void Platform::BSP::PCA9531::rotateright(uint32_t) const	24	static
C:\Users\joklappe\Rhapsody\platform\bsp\inc/i2cdevice.h:166:28:bool Platform::BSP::I2CDevice::cmd(T, uint16_t) const [with T = Platform::BSP::PCA9531::Register]	16	static
C:\Users\joklappe\Rhapsody\platform\bsp\inc/pca9531.h:18:7:Platform::BSP::PCA9531::~PCA9531()	16	static
C:\Users\joklappe\Rhapsody\platform\bsp\inc/pca9531.h:18:7:virtual Platform::BSP::PCA9531::~PCA9531()	16	static
