../platform/bsp/src/pwm.cpp:55:1:Platform::BSP::PWM::PWM(Platform::BSP::PWM::PWM_CHANNEL, uint8_t, uint8_t)	16	static
../platform/bsp/src/pwm.cpp:71:1:Platform::BSP::PWM::~PWM()	16	static
../platform/bsp/src/pwm.cpp:75:6:void Platform::BSP::PWM::Chip_PWM_Init()	24	static
../platform/bsp/src/pwm.cpp:91:6:void Platform::BSP::PWM::Chip_PWM_Reset()	16	static
../platform/bsp/src/pwm.cpp:107:6:void Platform::BSP::PWM::Chip_PWM_Disable()	16	static
../platform/bsp/src/pwm.cpp:114:6:void Platform::BSP::PWM::Chip_PWM_Enable()	16	static
../platform/bsp/src/pwm.cpp:122:6:void Platform::BSP::PWM::Chip_PWM_OutputEnable()	16	static
../platform/bsp/src/pwm.cpp:127:6:void Platform::BSP::PWM::Chip_PWM_OutputDisable()	16	static
../platform/bsp/src/pwm.cpp:132:6:void Platform::BSP::PWM::Chip_PWM_SetPrescale(uint32_t)	16	static
../platform/bsp/src/pwm.cpp:140:10:uint32_t Platform::BSP::PWM::Chip_PWM_GetPrescale() const	16	static
../platform/bsp/src/pwm.cpp:144:6:void Platform::BSP::PWM::Chip_PWM_SetFrequency(uint32_t)	16	static
../platform/bsp/src/pwm.cpp:158:10:uint32_t Platform::BSP::PWM::Chip_PWM_GetFrequency() const	16	static
../platform/bsp/src/pwm.cpp:163:6:void Platform::BSP::PWM::Chip_PWM_SetPulsWidthPercent(uint32_t)	16	static
../platform/bsp/src/pwm.cpp:170:6:void Platform::BSP::PWM::Chip_PWM_SetPulsWidth(uint32_t)	24	static
../platform/bsp/src/pwm.cpp:180:10:uint32_t Platform::BSP::PWM::Chip_PWM_GetPulsWidth() const	16	static
../platform/bsp/src/pwm.cpp:184:6:void Platform::BSP::PWM::Chip_PWM_SetMCR(uint8_t, Platform::BSP::PWM::PWM_MATCH_CONTROL)	16	static
../platform/bsp/src/pwm.cpp:192:6:void Platform::BSP::PWM::Chip_PWM_ResetMCR(uint8_t, Platform::BSP::PWM::PWM_MATCH_CONTROL)	16	static
C:\Users\joklappe\Rhapsody\platform\bsp\inc/PortPin.h:60:10:Platform::BSP::PortPin::~PortPin()	16	static
C:\Users\joklappe\Rhapsody\platform\bsp\inc/PortPin.h:60:10:virtual Platform::BSP::PortPin::~PortPin()	16	static
C:\Users\joklappe\Rhapsody\platform\bsp\inc/digitalinout.h:72:10:Platform::BSP::DigitalInOut::~DigitalInOut()	16	static
C:\Users\joklappe\Rhapsody\platform\bsp\inc/digitalinout.h:72:10:virtual Platform::BSP::DigitalInOut::~DigitalInOut()	16	static
