C:\Users\joklappe\Rhapsody\platform\bsp\inc/sspdevice.h:75:13:Platform::BSP::SSPDevice::~SSPDevice()	16	static
C:\Users\joklappe\Rhapsody\platform\bsp\inc/sspdevice.h:75:13:virtual Platform::BSP::SSPDevice::~SSPDevice()	16	static
../platform/bsp/src/sr74lvc595.cpp:7:1:Platform::BSP::SR74LVC595::SR74LVC595(Platform::BSP::SSPDevice::Interface, uint8_t, uint8_t, uint8_t)	24	static
../platform/bsp/src/sr74lvc595.cpp:12:6:bool Platform::BSP::SR74LVC595::set(uint8_t) const	24	static
../platform/bsp/src/sr74lvc595.cpp:30:6:bool Platform::BSP::SR74LVC595::off() const	16	static
C:\Users\joklappe\Rhapsody\platform\bsp\inc/sr74lvc595.h:15:7:Platform::BSP::SR74LVC595::~SR74LVC595()	16	static
C:\Users\joklappe\Rhapsody\platform\bsp\inc/sr74lvc595.h:15:7:virtual Platform::BSP::SR74LVC595::~SR74LVC595()	16	static
C:\Users\joklappe\Rhapsody\platform\bsp\inc/PortPin.h:60:10:Platform::BSP::PortPin::~PortPin()	16	static
C:\Users\joklappe\Rhapsody\platform\bsp\inc/PortPin.h:60:10:virtual Platform::BSP::PortPin::~PortPin()	16	static
C:\Users\joklappe\Rhapsody\platform\bsp\inc/digitalinout.h:72:10:Platform::BSP::DigitalInOut::~DigitalInOut()	16	static
C:\Users\joklappe\Rhapsody\platform\bsp\inc/digitalinout.h:72:10:virtual Platform::BSP::DigitalInOut::~DigitalInOut()	16	static
